[sammishop.com/pages/deal-sieu-hot.html]
[backblue.gif]
[fade.gif]
[index.html]
[theme.hstatic.net/200000551679/1001345525/14/favicon069c.png]
[app.harasocial.com/widget/442632045777507/1463076.js]
[theme.hstatic.net/200000551679/1001345525/14/main.scss069c.css]
[theme.hstatic.net/200000551679/1001345525/14/index.scss069c.css]
[theme.hstatic.net/200000551679/1001345525/14/bootstrap-4-3-min069c.css]
[theme.hstatic.net/200000551679/1001345525/14/responsive.scss069c.css]
[theme.hstatic.net/200000551679/1001345525/14/product_infor_style.scss069c.css]
[theme.hstatic.net/200000551679/1001345525/14/quickviews_popup_cart.scss069c.css]
[theme.hstatic.net/200000551679/1001345525/14/slider_1_master069c.png]
[theme.hstatic.net/200000551679/1001345525/14/coll_1_medium069c.png]
[theme.hstatic.net/200000551679/1001345525/14/coll_2_medium069c.png]
[theme.hstatic.net/200000551679/1001345525/14/coll_3_medium069c.png]
[theme.hstatic.net/200000551679/1001345525/14/coll_4_medium069c.png]
[theme.hstatic.net/200000551679/1001345525/14/coll_5_medium069c.png]
[theme.hstatic.net/200000551679/1001345525/14/coll_6_medium069c.png]
[theme.hstatic.net/200000551679/1001345525/14/coll_7_medium069c.png]
[theme.hstatic.net/200000551679/1001345525/14/coll_8_medium069c.png]
[theme.hstatic.net/200000551679/1001345525/14/coll_9_medium069c.png]
[theme.hstatic.net/200000551679/1001345525/14/coll_10_medium069c.png]
[theme.hstatic.net/200000551679/1001345525/14/coupon_1_img_medium069c.png]
[theme.hstatic.net/200000551679/1001345525/14/coupon_2_img_medium069c.png]
[theme.hstatic.net/200000551679/1001345525/14/coupon_3_img_medium069c.png]
[theme.hstatic.net/200000551679/1001345525/14/coupon_4_img_medium069c.png]
[theme.hstatic.net/200000551679/1001345525/14/coupon_5_img_medium069c.png]
[theme.hstatic.net/200000551679/1001345525/14/coupon_6_img_medium069c.png]
[theme.hstatic.net/200000551679/1001345525/14/coupon_7_img_medium069c.png]
[theme.hstatic.net/200000551679/1001345525/14/coupon_8_img_medium069c.png]
[theme.hstatic.net/200000551679/1001345525/14/top_banner069c.jpg]
[theme.hstatic.net/200000551679/1001345525/14/top_banner_mb069c.jpg]
[theme.hstatic.net/200000551679/1001345525/14/cusnew.scss069c.css]
[theme.hstatic.net/200000551679/1001345525/14/style-landing.scss069c.css]
[theme.hstatic.net/200000551679/1001345525/14/jquery069c.js]
[theme.hstatic.net/200000551679/1001345525/14/slick-min069c.js]
[theme.hstatic.net/200000551679/1001345525/14/abc.scss069c.css]
[stats.hstatic.net/beacon.min.js]
[theme.hstatic.net/200000551679/1001345525/14/ega-app-buyxgety069c.js]
[connect.facebook.net/en_US/fbevents.js]
[theme.hstatic.net/200000551679/1001345525/14/noimage069c.gif]
[theme.hstatic.net/200000551679/1001345525/14/quickview069c.js]
[cdn.hstatic.net/shared/api.jquery.js]
[cdn.hstatic.net/shared/option_selection.js]
[theme.hstatic.net/200000551679/1001345525/14/page_ld_cate_1069c.png]
[theme.hstatic.net/200000551679/1001345525/14/lazysize069c.js]
[theme.hstatic.net/200000551679/1001345525/14/page_ld_cate_2069c.png]
[theme.hstatic.net/200000551679/1001345525/14/page_ld_cate_3069c.png]
[theme.hstatic.net/200000551679/1001345525/14/page_ld_cate_4069c.png]
[theme.hstatic.net/200000551679/1001345525/14/page_ld_cate_5069c.png]
[theme.hstatic.net/200000551679/1001345525/14/page_ld_cate_6069c.png]
[theme.hstatic.net/200000551679/1001345525/14/logo069c.png]
[theme.hstatic.net/200000551679/1001345525/14/page_ld_slider_1069c.png]
[theme.hstatic.net/200000551679/1001345525/14/page_ld_slider_3069c.png]
[theme.hstatic.net/200000551679/1001345525/14/coupon069c.css]
[theme.hstatic.net/200000551679/1001345525/14/page_ld_voucher069c.png]
[theme.hstatic.net/200000551679/1001345525/14/coupon069c.js]
[theme.hstatic.net/200000551679/1001345525/14/page_ld_flashsale_title069c.png]
[theme.hstatic.net/200000551679/1001345525/14/page_ld_flashsale_1069c.png]
[theme.hstatic.net/200000551679/1001345525/14/ega-product-gift069c.png]
[sammishop.com/pages/giao-hang-sieu-toc-1h.html]
[theme.hstatic.net/200000551679/1001345525/14/page_ld_policy_1069c.png]
[theme.hstatic.net/200000551679/1001345525/14/page_ld_policy_2069c.png]
[sammishop.com/pages/chinh-sach-giao-hang.html]
[sammishop.com/pages/chinh-sach-tich-luy-diem.html]
[theme.hstatic.net/200000551679/1001345525/14/page_ld_policy_3069c.png]
[theme.hstatic.net/200000551679/1001345525/14/page_ld_banner1_1069c.png]
[theme.hstatic.net/200000551679/1001345525/14/page_ld_banner1_2069c.png]
[theme.hstatic.net/200000551679/1001345525/14/page_ld_banner1_3069c.png]
[theme.hstatic.net/200000551679/1001345525/14/page_ld_banner1_4069c.png]
[theme.hstatic.net/200000551679/1001345525/14/page_ld_banner1_5069c.png]
[theme.hstatic.net/200000551679/1001345525/14/page_ld_banner1_6069c.png]
[theme.hstatic.net/200000551679/1001345525/14/page_ld_banner1_7069c.png]
[theme.hstatic.net/200000551679/1001345525/14/page_ld_banner1_8069c.png]
[theme.hstatic.net/200000551679/1001345525/14/page_ld_banner2_1069c.png]
[theme.hstatic.net/200000551679/1001345525/14/page_ld_banner2_2069c.png]
[theme.hstatic.net/200000551679/1001345525/14/page_ld_banner2_3069c.png]
[theme.hstatic.net/200000551679/1001345525/14/page_ld_banner2_4069c.png]
[theme.hstatic.net/200000551679/1001345525/14/page_ld_banner2_5069c.png]
[theme.hstatic.net/200000551679/1001345525/14/page_ld_banner2_6069c.png]
[theme.hstatic.net/200000551679/1001345525/14/page_ld_banner2_7069c.png]
[theme.hstatic.net/200000551679/1001345525/14/page_ld_banner2_8069c.png]
[theme.hstatic.net/200000551679/1001345525/14/page_ld_combo_mobile069c.png]
[theme.hstatic.net/200000551679/1001345525/14/page_ld_combo069c.png]
[theme.hstatic.net/200000551679/1001345525/14/page_ld_coll_1_title069c.png]
[theme.hstatic.net/200000551679/1001345525/14/page_ld_coll_2_title069c.png]
[theme.hstatic.net/200000551679/1001345525/14/page_ld_coll_3_title069c.png]
[theme.hstatic.net/200000551679/1001345525/14/shoplist.scss069c.css]
[theme.hstatic.net/200000551679/1001345525/14/logo-footer069c.png]
[theme.hstatic.net/200000551679/1001345525/14/vendors069c.js]
[sammishop.com/pages/cau-chuyen-thuong-hieu.html]
[sammishop.com/pages/dieu-khoan-dich-vu.html]
[sammishop.com/pages/he-thong-cua-hang-1.html]
[sammishop.com/pages/chung-nhan-dai-ly-chinh-hang.html]
[sammishop.com/pages/huong-dan-mua-hang.html]
[sammishop.com/pages/quy-dinh-va-hinh-thuc-thanh-toan.html]
[www.google.com/recaptcha/api030a.js]
[sammishop.com/pages/chinh-sach-doi-tra.html]
[theme.hstatic.net/200000551679/1001345525/14/logo_bct069c.png]
[sammishop.com/pages/chinh-sach-bao-mat.html]
[theme.hstatic.net/200000551679/1001345525/14/banner_popup_img069c.png]
[theme.hstatic.net/200000551679/1001345525/14/policy_header_image_3069c.png]
[theme.hstatic.net/200000551679/1001345525/14/policy_header_image_4069c.png]
[sammishop.com/cart.json]
[theme.hstatic.net/200000551679/1001345525/14/ega-gateway-min069c.js]
[theme.hstatic.net/200000551679/1001345525/14/main069c.js]
[mixcdn.egany.com/themes/delivery-builtin/index.min.js]
[theme.hstatic.net/200000551679/1001345525/14/addthis-sharing069c.css]
[theme.hstatic.net/200000551679/1001345525/14/ega.addon-cr-button.min069c.js]
[sammishop.com/pages/deal-sieu-hot.html]
[theme.hstatic.net/200000551679/1001345525/14/main.scss069c.css]
[theme.hstatic.net/200000551679/1001345525/14/index.scss069c.css]
[theme.hstatic.net/200000551679/1001345525/14/bootstrap-4-3-min069c.css]
[theme.hstatic.net/200000551679/1001345525/14/responsive.scss069c.css]
[theme.hstatic.net/200000551679/1001345525/14/ega-builtin-smartsearch-configs069c.js]
[theme.hstatic.net/200000551679/1001345525/14/color_1069c.png]
[theme.hstatic.net/200000551679/1001345525/14/color_3069c.png]
[theme.hstatic.net/200000551679/1001345525/14/color_6069c.png]
[theme.hstatic.net/200000551679/1001345525/14/color_9069c.png]
[theme.hstatic.net/200000551679/1001345525/14/product_infor_style.scss069c.css]
[theme.hstatic.net/200000551679/1001345525/14/quickviews_popup_cart.scss069c.css]
[theme.hstatic.net/200000551679/1001345525/14/cusnew.scss069c.css]
[theme.hstatic.net/200000551679/1001345525/14/ld_popup_contact_bg069c.jpg]
[theme.hstatic.net/200000551679/1001345525/14/page_ld_cate_bg069c.jpg]
[theme.hstatic.net/200000551679/1001345525/14/page_ld_store_bg069c.jpg]
[theme.hstatic.net/200000551679/1001345525/14/page_ld_banner1_bg069c.jpg]
[theme.hstatic.net/200000551679/1001345525/14/page_ld_banner2_bg069c.jpg]
[theme.hstatic.net/200000551679/1001345525/14/page_ld_banner1_bg_mb069c.jpg]
[theme.hstatic.net/200000551679/1001345525/14/page_ld_banner2_bg_mb069c.jpg]
[theme.hstatic.net/200000551679/1001345525/14/style-landing.scss069c.css]
[file.hstatic.net/200000551679/file/popup_qua_tang_aed83dff32024238bb8d77c992c80871.png]
[file.hstatic.net/200000551679/file/arrow_32b303d8013e4152bcc332c2d3_6bae56f9709d434ebc1d95cf953124b8.png]
[theme.hstatic.net/200000551679/1001345525/14/abc.scss069c.css]
[sammishop.com/pages/signals/config/index.html]
[sammishop.com/pages/t]
[sammishop.com/pages/e]
[sammishop.com/pages/signals/plugins/index.html]
[sammishop.com/pages/t.resolvedLink]
[sammishop.com/pages/schema.org/index.html]
[sammishop.com/pages/o]
[sammishop.com/pages/n.dl]
[sammishop.com/pages/n.rl]
[connect.facebook.net/en_US/fbevents.js]
[theme.hstatic.net/200000551679/1001345525/14/no_image069c.html]
[www.googletagmanager.com/gtm5445.html]
[theme.hstatic.net/200000551679/1001345525/14/coupon069c.css]
[theme.hstatic.net/200000551679/1001345525/14/winfbrandcimg1069c.png]
[theme.hstatic.net/200000551679/1001345525/14/winfbrandcimg2069c.png]
[theme.hstatic.net/200000551679/1001345525/14/winfbrandcimg3069c.png]
[theme.hstatic.net/200000551679/1001345525/14/winfbrandcimg4069c.png]
[theme.hstatic.net/200000551679/1001345525/14/winfbrandcimg5069c.png]
[theme.hstatic.net/200000551679/1001345525/14/winfbrandcimg6069c.png]
[theme.hstatic.net/200000551679/1001345525/14/winfbrandcimg7069c.png]
[theme.hstatic.net/200000551679/1001345525/14/winfbrandcimg8069c.png]
[theme.hstatic.net/200000551679/1001345525/14/winfbrandcimg9069c.png]
[theme.hstatic.net/200000551679/1001345525/14/winfbrandcimg10069c.png]
[theme.hstatic.net/200000551679/1001345525/14/winfbrandcimg11069c.png]
[theme.hstatic.net/200000551679/1001345525/14/winfbrandcimg12069c.png]
[theme.hstatic.net/200000551679/1001345525/14/phone-icon069c.png]
[theme.hstatic.net/200000551679/1001345525/14/account-icon069c.png]
[theme.hstatic.net/200000551679/1001345525/14/cart-icon069c.png]
[sammishop.com/pages/he-thong-cua-hang.html]
[file.hstatic.net/200000551679/file/sammigo_1h_ha_noi__2__f9b493051d154fb49174e36e5d0ab27c_2048x2048.jpg]
[file.hstatic.net/200000551679/file/sammigo_1h_ha_noi__1__c0ad9aeb3ddd46388f4f72c657187994_2048x2048.jpg]
[sammishop.com/pages/giao-hang-sieu-toc-1h.html]
[sammishop.com/pages/chinh-sach-giao-hang.html]
[file.hstatic.net/200000551679/file/sammi_beauty_club_-a4__3__page-0001_184453509f384946b725f2708091c737_2048x2048.jpg]
[file.hstatic.net/200000551679/file/_hinh_anh__chinh_sach_tich_diem_2024-01_df59abfbbcc5487c90e98cba249a7811_2048x2048.png]
[sammishop.com/pages/chinh-sach-tich-luy-diem.html]
[theme.hstatic.net/200000551679/1001345525/14/shoplist.scss069c.css]
[file.hstatic.net/200000551679/file/profile_sammi_-_vincom_1-01_a74fa9d789cf465ea0d9fb5b8b3dc576_2048x2048.png]
[cdn.hstatic.net/200000551679/file/untitled-7-02_2__634618ba77e04b3f95b5bfb7fb65ceba_2048x2048.jpg]
[cdn.hstatic.net/200000551679/file/untitled-7-03_2__a9e2d5e4be9a415faf5f2cfe05d9b98f_2048x2048.jpg]
[file.hstatic.net/200000551679/file/profile_sammi_-_vincom01-07_c043fedbb97346c4877d4f2480fd0466_2048x2048.png]
[file.hstatic.net/200000551679/file/profile_sammi_-_vincom-05_7317545709434f3285f9cda36a533669_2048x2048.png]
[file.hstatic.net/200000551679/file/profile_sammi_-_vincom-04_cb4903767f5b4837bb1c8041fd68cdc4_2048x2048.png]
[sammishop.com/pages/cau-chuyen-thuong-hieu.html]
[sammishop.com/pages/dieu-khoan-dich-vu.html]
[sammishop.com/pages/he-thong-cua-hang-1.html]
[cdn.hstatic.net/200000551679/file/2_862f40cd83d243d9b52f8f2914ba2cbd_2048x2048.png]
[cdn.hstatic.net/200000551679/file/4_1708d20b841c4d20ae490c097dc3b53d_2048x2048.png]
[cdn.hstatic.net/200000551679/file/5_b56b11b6037044c58216a21ddf0bc8d1_2048x2048.png]
[cdn.hstatic.net/200000551679/file/6_bc72084d4f514b268f97e21a31f84924_2048x2048.png]
[cdn.hstatic.net/200000551679/file/7_272a7ed283c4400187508254dea49600_2048x2048.png]
[cdn.hstatic.net/200000551679/file/8_9ffde72dd5d244a0a106d31f49c600ce_2048x2048.png]
[cdn.hstatic.net/200000551679/file/9_5cdf34503e4a45bb887646afd90f6b45_2048x2048.png]
[cdn.hstatic.net/200000551679/file/10_15bf17a7cb9343099b09b7ea0028e7e6_2048x2048.png]
[cdn.hstatic.net/200000551679/file/11_68ccb902be774902b0bf67de03d30164_2048x2048.png]
[cdn.hstatic.net/200000551679/file/12_d9cd1b00f72b497c84645efe20fd37db_2048x2048.png]
[cdn.hstatic.net/200000551679/file/13_20bb75bb2b8440ed9b7e466e6ea1addc_2048x2048.png]
[cdn.hstatic.net/200000551679/file/14_18193af0a9ac47c08cae412f3473d42a_2048x2048.png]
[cdn.hstatic.net/200000551679/file/15_6d24fe3be755437d950a26bbfd159217_2048x2048.png]
[cdn.hstatic.net/200000551679/file/16_f132d76842be490495b99228ce05f82d_2048x2048.png]
[cdn.hstatic.net/200000551679/file/17_0997138fca314ddda8653a6909fee478_2048x2048.png]
[cdn.hstatic.net/200000551679/file/18_4e8b0305e5ab4d4085338f4b9300e9b1_2048x2048.png]
[cdn.hstatic.net/200000551679/file/19_8096f184637a4202a0fa70b8e2ed742f_2048x2048.png]
[cdn.hstatic.net/200000551679/file/20_cb5fddd2563f4c95943d95d787ebc4ed_2048x2048.png]
[cdn.hstatic.net/200000551679/file/21_09bf5617d8964659817e903ae54a0b4e_2048x2048.png]
[cdn.hstatic.net/200000551679/file/23_aee60ab051ad4af8a4c3d63ea7d2f3f0_2048x2048.png]
[cdn.hstatic.net/200000551679/file/24_1__e490736fc5d94636b24ab175dd9205cf_2048x2048.png]
[sammishop.com/pages/chung-nhan-dai-ly-chinh-hang.html]
[file.hstatic.net/200000551679/file/screenshot_6_577e73e510af40b9ab1db163839fea1b_1024x1024.png]
[file.hstatic.net/200000551679/file/thanh_toan_5f65da41cec44491a38a9586ba4e80ff_master.png]
[sammishop.com/pages/huong-dan-mua-hang.html]
[sammishop.com/pages/quy-dinh-va-hinh-thuc-thanh-toan.html]
[file.hstatic.net/200000551679/file/chinh-sach-doi-tra-01_f0a53f4db91e407687e07d5900b4255f_master.png]
[sammishop.com/pages/chinh-sach-doi-tra.html]
[sammishop.com/pages/chinh-sach-bao-mat.html]
[fundiin.vn/ecom.jpg]
[theme.hstatic.net/200000551679/1001345525/14/addthis-sharing069c.css]
[theme.hstatic.net/200000551679/1001345525/14/color_2069c.html]
[theme.hstatic.net/200000551679/1001345525/14/color_4069c.html]
[theme.hstatic.net/200000551679/1001345525/14/color_5069c.html]
[theme.hstatic.net/200000551679/1001345525/14/color_7069c.html]
[theme.hstatic.net/200000551679/1001345525/14/color_8069c.html]
[theme.hstatic.net/200000551679/1001345525/14/color_10069c.html]
[sammishop.com/pages/signals/config/index.html]
[sammishop.com/pages/t.html]
[sammishop.com/pages/e.html]
[sammishop.com/pages/signals/plugins/index.html]
[sammishop.com/pages/schema.org/index.html]
[sammishop.com/pages/t-2.html]
[sammishop.com/pages/o.html]
[sammishop.com/signals/iwl.html]
[sammishop.com/signals/iwl0fc5.html]
[sammishop.com/pages/n.html]
[sammishop.com/pages/n-2.html]
[sammishop.com/pages/he-thong-cua-hang.html]
[connect.facebook.net/vi_VN/sdk/xfbml.customerchat.html]
